
[ OverTheWire    ]    https://overthewire.org/
[ Bandit         ]    https://overthewire.org/wargames/bandit/
[ Level 17       ]    https://overthewire.org/wargames/bandit/bandit17.html


-----[
-----[  LEVEL GOAL
-----[

The password for the next level can be retrieved by submitting the password of
the current level to a port on localhost in the range 31000 to 32000. First find
out which of these ports have a server listening on them. Then find out which of
those speak SSL and which donâ€™t. There is only 1 server that will give the next
credentials, the others will simply send back to you whatever you send to it.


-----[
-----[  SOLUTION
-----[

xx


[[  terminal ]]

bandit16@melinda:~$ nmap -p 31000-32000 -sV localhost

Starting Nmap 6.40 ( http://nmap.org ) at 2015-08-27 02:52 UTC
Nmap scan report for localhost (127.0.0.1)
Host is up (0.0013s latency).
Not shown: 996 closed ports
PORT      STATE SERVICE VERSION
31046/tcp open  echo
31518/tcp open  msdtc   Microsoft Distributed Transaction Coordinator (error)
31691/tcp open  echo
31790/tcp open  msdtc   Microsoft Distributed Transaction Coordinator (error)
31960/tcp open  echo
Service Info: OS: Windows; CPE: cpe:/o:microsoft:windows

Service detection performed. Please report any incorrect results at http://nmap.org/submit/ .
Nmap done: 1 IP address (1 host up) scanned in 41.28 seconds
bandit16@melinda:~$ cat /etc/bandit_pass/bandit16 | openssl s_client -connect localhost:31518 -quiet
depth=0 CN = li190-250.members.linode.com
verify error:num=18:self signed certificate
verify return:1
depth=0 CN = li190-250.members.linode.com
verify return:1
cluFn7wTiGryunymYOu4RcffSxQluehd

^C
bandit16@melinda:~$ cat /etc/bandit_pass/bandit16 | openssl s_client -connect localhost:31790 -quiet
depth=0 CN = li190-250.members.linode.com
verify error:num=18:self signed certificate
verify return:1
depth=0 CN = li190-250.members.linode.com
verify return:1
Correct!
-----BEGIN RSA PRIVATE KEY-----
MIIEogIBAAKCAQEAvmOkuifmMg6HL2YPIOjon6iWfbp7c3jx34YkYWqUH57SUdyJ
imZzeyGC0gtZPGujUSxiJSWI/oTqexh+cAMTSMlOJf7+BrJObArnxd9Y7YT2bRPQ
Ja6Lzb558YW3FZl87ORiO+rW4LCDCNd2lUvLE/GL2GWyuKN0K5iCd5TbtJzEkQTu
DSt2mcNn4rhAL+JFr56o4T6z8WWAW18BR6yGrMq7Q/kALHYW3OekePQAzL0VUYbW
JGTi65CxbCnzc/w4+mqQyvmzpWtMAzJTzAzQxNbkR2MBGySxDLrjg0LWN6sK7wNX
x0YVztz/zbIkPjfkU1jHS+9EbVNj+D1XFOJuaQIDAQABAoIBABagpxpM1aoLWfvD
KHcj10nqcoBc4oE11aFYQwik7xfW+24pRNuDE6SFthOar69jp5RlLwD1NhPx3iBl
J9nOM8OJ0VToum43UOS8YxF8WwhXriYGnc1sskbwpXOUDc9uX4+UESzH22P29ovd
d8WErY0gPxun8pbJLmxkAtWNhpMvfe0050vk9TL5wqbu9AlbssgTcCXkMQnPw9nC
YNN6DDP2lbcBrvgT9YCNL6C+ZKufD52yOQ9qOkwFTEQpjtF4uNtJom+asvlpmS8A
vLY9r60wYSvmZhNqBUrj7lyCtXMIu1kkd4w7F77k+DjHoAXyxcUp1DGL51sOmama
+TOWWgECgYEA8JtPxP0GRJ+IQkX262jM3dEIkza8ky5moIwUqYdsx0NxHgRRhORT
8c8hAuRBb2G82so8vUHk/fur85OEfc9TncnCY2crpoqsghifKLxrLgtT+qDpfZnx
SatLdt8GfQ85yA7hnWWJ2MxF3NaeSDm75Lsm+tBbAiyc9P2jGRNtMSkCgYEAypHd
HCctNi/FwjulhttFx/rHYKhLidZDFYeiE/v45bN4yFm8x7R/b0iE7KaszX+Exdvt
SghaTdcG0Knyw1bpJVyusavPzpaJMjdJ6tcFhVAbAjm7enCIvGCSx+X3l5SiWg0A
R57hJglezIiVjv3aGwHwvlZvtszK6zV6oXFAu0ECgYAbjo46T4hyP5tJi93V5HDi
Ttiek7xRVxUl+iU7rWkGAXFpMLFteQEsRr7PJ/lemmEY5eTDAFMLy9FL2m9oQWCg
R8VdwSk8r9FGLS+9aKcV5PI/WEKlwgXinB3OhYimtiG2Cg5JCqIZFHxD6MjEGOiu
L8ktHMPvodBwNsSBULpG0QKBgBAplTfC1HOnWiMGOU3KPwYWt0O6CdTkmJOmL8Ni
blh9elyZ9FsGxsgtRBXRsqXuz7wtsQAgLHxbdLq/ZJQ7YfzOKU4ZxEnabvXnvWkU
YOdjHdSOoKvDQNWu6ucyLRAWFuISeXw9a/9p7ftpxm0TSgyvmfLF2MIAEwyzRqaM
77pBAoGAMmjmIJdjp+Ez8duyn3ieo36yrttF5NSsJLAbxFpdlc1gvtGCWW+9Cq0b
dxviW8+TFVEBl1O4f7HVm6EpTscdDxU+bCXWkfjuRb7Dy9GOtt9JPsX8MBTakzh3
vBgsyi/sN3RqRBcGU40fOoZyfAMT8s1m/uYv52O6IgeuZ/ujbjY=
-----END RSA PRIVATE KEY-----

read:errno=0
bandit16@melinda:~$ mkdir /tmp/ticktock17
bandit16@melinda:~$ cd /tmp/ticktock17
bandit16@melinda:/tmp/ticktock17$ vi bandit17.private
bandit16@melinda:/tmp/ticktock17$ ssh -i bandit17.private bandit17@localhost
Could not create directory '/home/bandit16/.ssh'.
The authenticity of host 'localhost (127.0.0.1)' can't be established.
ECDSA key fingerprint is 05:3a:1c:25:35:0a:ed:2f:cd:87:1c:f6:fe:69:e4:f6.
Are you sure you want to continue connecting (yes/no)? yes
Failed to add the host to the list of known hosts (/home/bandit16/.ssh/known_hosts).

This is the OverTheWire game server. More information on http://www.overthewire.org/wargames

Please note that wargame usernames are no longer level<X>, but wargamename<X>
e.g. vortex4, semtex2, ...

Note: at this moment, blacksun is not available.

@@@@@@@@@@@@@@@@@@@@@@@@@@@@@@@@@@@@@@@@@@@@@@@@@@@@@@@@@@@
@         WARNING: UNPROTECTED PRIVATE KEY FILE!          @
@@@@@@@@@@@@@@@@@@@@@@@@@@@@@@@@@@@@@@@@@@@@@@@@@@@@@@@@@@@
Permissions 0664 for 'bandit17.private' are too open.
It is required that your private key files are NOT accessible by others.
This private key will be ignored.
bad permissions: ignore key: bandit17.private
bandit17@localhost's password:

bandit16@melinda:/tmp/ticktock17$ chmod 600 bandit17.private
bandit16@melinda:/tmp/ticktock17$ ssh -i bandit17.private bandit17@localhost
Could not create directory '/home/bandit16/.ssh'.
The authenticity of host 'localhost (127.0.0.1)' can't be established.
ECDSA key fingerprint is 05:3a:1c:25:35:0a:ed:2f:cd:87:1c:f6:fe:69:e4:f6.
Are you sure you want to continue connecting (yes/no)? yes
Failed to add the host to the list of known hosts (/home/bandit16/.ssh/known_hosts).

This is the OverTheWire game server. More information on http://www.overthewire.org/wargames

bandit17@melinda:~$

[[ /terminal ]]


|=------------ eof -------------=|